// Jest Snapshot v1, https://goo.gl/fbAQLP

exports[`Header Component matches snapshot 1`] = `
<DocumentFragment>
  <header
    style="background-color: rgb(255, 244, 230);"
  >
    <nav
      class="navbar justify-content-center"
    >
      <h1
        class="h2 m-2 "
      >
        <i
          class="fas fa-user-graduate"
        />
         The Trivia Quiz!
      </h1>
    </nav>
  </header>
</DocumentFragment>
`;
